-- west build: making build dir /home/onxtorlo/secureboot/build/boot_none pristine
-- west build: generating a build system
Loading Zephyr default modules (Zephyr base).
-- Application: /home/onxtorlo/secureboot/bootloader/mcuboot/boot/zephyr
-- CMake version: 3.28.3
-- Found Python3: /home/onxtorlo/secureboot/.venv/bin/python3 (found suitable version "3.12.3", minimum required is "3.12") found components: Interpreter 
-- Cache files will be written to: /home/onxtorlo/.cache/zephyr
-- Zephyr version: 4.4.2 (/home/onxtorlo/secureboot/zephyr)
-- Found west (found suitable version "1.5.0", minimum required is "0.14.0")
-- Board: stm32f429i_disc1, qualifiers: stm32f429xx
-- ZEPHYR_TOOLCHAIN_VARIANT not set, trying to locate Zephyr SDK
-- Found host-tools: zephyr 1.0.1 (/home/onxtorlo/zephyr-sdk-1.0.1)
-- Found toolchain: zephyr 1.0.1 (/home/onxtorlo/zephyr-sdk-1.0.1)
-- Found Dtc: /home/onxtorlo/zephyr-sdk-1.0.1/hosttools/sysroots/x86_64-pokysdk-linux/usr/bin/dtc (found suitable version "1.7.0", minimum required is "1.4.6") 
-- Found BOARD.dts: /home/onxtorlo/secureboot/zephyr/boards/st/stm32f429i_disc1/stm32f429i_disc1.dts
-- Found devicetree overlay: /home/onxtorlo/secureboot/bootloader/mcuboot/boot/zephyr/app.overlay
-- Found devicetree overlay: /home/onxtorlo/secureboot/mcuboot-mldsa-exp/boot_conf/stm32f429i_disc1.overlay
-- Generated zephyr.dts: /home/onxtorlo/secureboot/build/boot_none/zephyr/zephyr.dts
-- Generated pickled edt: /home/onxtorlo/secureboot/build/boot_none/zephyr/edt.pickle
-- Generated devicetree_generated.h: /home/onxtorlo/secureboot/build/boot_none/zephyr/include/generated/zephyr/devicetree_generated.h
Parsing /home/onxtorlo/secureboot/bootloader/mcuboot/boot/zephyr/Kconfig
Loaded configuration '/home/onxtorlo/secureboot/zephyr/boards/st/stm32f429i_disc1/stm32f429i_disc1_defconfig'
Merged configuration '/home/onxtorlo/secureboot/bootloader/mcuboot/boot/zephyr/prj.conf'
Merged configuration '/home/onxtorlo/secureboot/mcuboot-mldsa-exp/boot_conf/none.conf'
Configuration saved to '/home/onxtorlo/secureboot/build/boot_none/zephyr/.config'
Kconfig header saved to '/home/onxtorlo/secureboot/build/boot_none/zephyr/include/generated/zephyr/autoconf.h'
-- Found GnuLd: /home/onxtorlo/zephyr-sdk-1.0.1/gnu/arm-zephyr-eabi/arm-zephyr-eabi/bin/ld.bfd (found version "2.43.1") 
-- The C compiler identification is GNU 14.3.0
-- The CXX compiler identification is GNU 14.3.0
-- The ASM compiler identification is GNU
-- Found assembler: /home/onxtorlo/zephyr-sdk-1.0.1/gnu/arm-zephyr-eabi/bin/arm-zephyr-eabi-gcc
-- Using ccache: /usr/bin/ccache
-- Found gen_kobject_list: /home/onxtorlo/secureboot/zephyr/scripts/build/gen_kobject_list.py
CMake Warning at CMakeLists.txt:517 (message):
  Unable to determine erase size of slot0 partition, cannot calculate minimum
  sector usage


CMake Warning at CMakeLists.txt:526 (message):
  Unable to determine erase size of slot1 partition, cannot calculate minimum
  sector usage


CMake Warning at CMakeLists.txt:540 (message):
  Unable to calculate minimum number of sector sizes, falling back to 128
  sector default.  Please disable CONFIG_BOOT_MAX_IMG_SECTORS_AUTO and set
  CONFIG_BOOT_MAX_IMG_SECTORS to the required value


-- Configuring done (15.8s)
-- Generating done (0.1s)
-- Build files have been written to: /home/onxtorlo/secureboot/build/boot_none
-- west build: building application
[1/196] Preparing syscall dependency handling

[2/196] Generating include/generated/zephyr/version.h
-- Zephyr version: 4.4.2 (/home/onxtorlo/secureboot/zephyr), build: dccb09599635
[3/196] Generating misc/generated/syscalls_subdirs.trigger
[4/196] Generating include/generated/zephyr/app_version.h
[5/196] Generating misc/generated/syscalls.json, misc/generated/struct_tags.json
[6/196] Generating include/generated/device-api-sections.ld, include/generated/device-api-sections.cmake
[7/196] Generating include/generated/zephyr/syscall_dispatch.c, include/generated/zephyr/syscall_exports_llext.c, syscall_weakdefs_llext.c, include/generated/zephyr/syscall_list.h
[8/196] Generating include/generated/zephyr/driver-validation.h
[9/196] Generating include/generated/zephyr/kobj-types-enum.h, include/generated/zephyr/otype-to-str.h, include/generated/zephyr/otype-to-size.h
[10/196] Building C object zephyr/lib/heap/CMakeFiles/heap_constants.dir/heap_constants.c.obj
[11/196] Generating ../../include/generated/zephyr/heap_constants.h
[12/196] Building C object zephyr/CMakeFiles/offsets.dir/arch/arm/core/offsets/offsets.c.obj
[13/196] Generating include/generated/zephyr/offsets.h
[14/196] Building C object CMakeFiles/app.dir/keys.c.obj
[15/196] Building C object zephyr/CMakeFiles/zephyr.dir/lib/libc/validate_libc.c.obj
[16/196] Building C object CMakeFiles/app.dir/io.c.obj
[17/196] Building C object CMakeFiles/app.dir/os.c.obj
[18/196] Building C object CMakeFiles/app.dir/watchdog.c.obj
[19/196] Building C object CMakeFiles/app.dir/flash_map_extended.c.obj
[20/196] Building C object zephyr/CMakeFiles/zephyr.dir/lib/os/clock.c.obj
[21/196] Building C object CMakeFiles/app.dir/main.c.obj
[22/196] Building C object zephyr/CMakeFiles/zephyr.dir/lib/utils/dec.c.obj
[23/196] Building C object zephyr/CMakeFiles/zephyr.dir/lib/os/printk.c.obj
[24/196] Linking C static library app/libapp.a
[25/196] Building C object zephyr/CMakeFiles/zephyr.dir/lib/utils/hex.c.obj
[26/196] Building C object zephyr/CMakeFiles/zephyr.dir/lib/os/cbprintf_packaged.c.obj
[27/196] Building C object zephyr/CMakeFiles/zephyr.dir/lib/os/sem.c.obj
[28/196] Building C object zephyr/CMakeFiles/zephyr.dir/lib/utils/set.c.obj
[29/196] Building C object zephyr/CMakeFiles/zephyr.dir/lib/os/thread_entry.c.obj
[30/196] Building C object zephyr/CMakeFiles/zephyr.dir/lib/heap/heap.c.obj
[31/196] Building C object zephyr/CMakeFiles/zephyr.dir/lib/os/assert.c.obj
[32/196] Building C object zephyr/CMakeFiles/zephyr.dir/lib/utils/last_section_id.c.obj
[33/196] Building C object zephyr/CMakeFiles/zephyr.dir/lib/utils/bitmask.c.obj
[34/196] Building C object zephyr/CMakeFiles/zephyr.dir/lib/os/cbprintf_nano.c.obj
[35/196] Building C object zephyr/CMakeFiles/zephyr.dir/lib/utils/timeutil.c.obj
[36/196] Building C object zephyr/CMakeFiles/zephyr.dir/misc/generated/configs.c.obj
[37/196] Building C object zephyr/CMakeFiles/zephyr.dir/lib/utils/ring_buffer.c.obj
[38/196] Building C object zephyr/CMakeFiles/zephyr.dir/lib/utils/getopt/getopt.c.obj
[39/196] Building C object zephyr/CMakeFiles/zephyr.dir/lib/utils/getopt/getopt_common.c.obj
[40/196] Building C object zephyr/CMakeFiles/zephyr.dir/soc/st/stm32/common/soc_config.c.obj
[41/196] Building C object zephyr/CMakeFiles/zephyr.dir/lib/utils/rb.c.obj
[42/196] Building C object zephyr/CMakeFiles/zephyr.dir/soc/st/stm32/common/stm32cube_hal.c.obj
[43/196] Building C object zephyr/CMakeFiles/zephyr.dir/soc/st/stm32/stm32f4x/soc.c.obj
[44/196] Building C object zephyr/CMakeFiles/zephyr.dir/lib/utils/bitarray.c.obj
[45/196] Building C object zephyr/CMakeFiles/zephyr.dir/soc/st/stm32/common/stm32_backup_domain.c.obj
[46/196] Building C object zephyr/CMakeFiles/zephyr.dir/subsys/logging/log_minimal.c.obj
[47/196] Building C object zephyr/CMakeFiles/zephyr.dir/subsys/storage/flash_map/flash_map.c.obj
[48/196] Building C object zephyr/CMakeFiles/zephyr.dir/subsys/storage/flash_map/flash_map_layout.c.obj
[49/196] Building C object zephyr/CMakeFiles/zephyr.dir/subsys/storage/flash_map/flash_map_default.c.obj
[50/196] Building C object zephyr/CMakeFiles/zephyr.dir/subsys/mem_mgmt/mem_attr.c.obj
[51/196] Building C object zephyr/CMakeFiles/zephyr.dir/subsys/tracing/tracing_none.c.obj
[52/196] Building C object zephyr/CMakeFiles/zephyr.dir/soc/st/stm32/common/gpioport_mgr.c.obj
[53/196] Building C object zephyr/CMakeFiles/zephyr.dir/home/onxtorlo/secureboot/bootloader/mcuboot/boot/bootutil/src/bootutil_img_security_cnt.c.obj
[54/196] Building C object zephyr/CMakeFiles/zephyr.dir/home/onxtorlo/secureboot/bootloader/mcuboot/boot/bootutil/src/encrypted.c.obj
[55/196] Building C object zephyr/CMakeFiles/zephyr.dir/home/onxtorlo/secureboot/bootloader/mcuboot/boot/bootutil/src/image_ed25519.c.obj
[56/196] Building C object zephyr/CMakeFiles/zephyr.dir/home/onxtorlo/secureboot/bootloader/mcuboot/boot/bootutil/src/bootutil_find_key.c.obj
[57/196] Building C object zephyr/CMakeFiles/zephyr.dir/drivers/flash/flash_util.c.obj
[58/196] Building C object zephyr/CMakeFiles/zephyr.dir/home/onxtorlo/secureboot/bootloader/mcuboot/boot/bootutil/src/bootutil_img_hash.c.obj
[59/196] Building C object zephyr/CMakeFiles/zephyr.dir/home/onxtorlo/secureboot/bootloader/mcuboot/boot/bootutil/src/image_rsa.c.obj
[60/196] Building C object zephyr/CMakeFiles/zephyr.dir/home/onxtorlo/secureboot/bootloader/mcuboot/boot/bootutil/src/image_ecdsa.c.obj
[61/196] Building C object zephyr/CMakeFiles/zephyr.dir/home/onxtorlo/secureboot/bootloader/mcuboot/boot/bootutil/src/image_validate.c.obj
[62/196] Building C object zephyr/CMakeFiles/zephyr.dir/home/onxtorlo/secureboot/bootloader/mcuboot/boot/bootutil/src/fault_injection_hardening.c.obj
[63/196] Building C object zephyr/CMakeFiles/zephyr.dir/home/onxtorlo/secureboot/bootloader/mcuboot/boot/bootutil/src/tlv.c.obj
[64/196] Building C object zephyr/CMakeFiles/zephyr.dir/home/onxtorlo/secureboot/bootloader/mcuboot/boot/bootutil/src/caps.c.obj
[65/196] Building C object zephyr/CMakeFiles/zephyr.dir/home/onxtorlo/secureboot/bootloader/mcuboot/ext/tinycrypt/lib/source/utils.c.obj
[66/196] Building C object zephyr/CMakeFiles/zephyr.dir/home/onxtorlo/secureboot/bootloader/mcuboot/ext/tinycrypt/lib/source/sha256.c.obj
[67/196] Building C object zephyr/CMakeFiles/zephyr.dir/home/onxtorlo/secureboot/bootloader/mcuboot/boot/bootutil/src/bootutil_misc.c.obj
[68/196] Building C object zephyr/CMakeFiles/zephyr.dir/home/onxtorlo/secureboot/bootloader/mcuboot/boot/zephyr/cleanup/arm_cortex_m.c.obj
[69/196] Building C object zephyr/CMakeFiles/zephyr.dir/home/onxtorlo/secureboot/bootloader/mcuboot/boot/bootutil/src/bootutil_loader.c.obj
[70/196] Generating linker_zephyr_pre0.cmd
[71/196] Building C object zephyr/CMakeFiles/zephyr_pre0.dir/misc/empty_file.c.obj
[72/196] Building C object zephyr/CMakeFiles/zephyr.dir/home/onxtorlo/secureboot/bootloader/mcuboot/boot/bootutil/src/swap_misc.c.obj
[73/196] Building C object zephyr/CMakeFiles/zephyr.dir/home/onxtorlo/secureboot/bootloader/mcuboot/boot/zephyr/kernel/banner.c.obj
[74/196] Building C object zephyr/arch/common/CMakeFiles/arch__common.dir/init.c.obj
[75/196] Building C object zephyr/CMakeFiles/zephyr.dir/home/onxtorlo/secureboot/bootloader/mcuboot/boot/bootutil/src/bootutil_area.c.obj
[76/196] Building ASM object zephyr/arch/arch/arm/core/CMakeFiles/arch__arm__core.dir/nmi_on_reset.S.obj
[77/196] Building C object zephyr/CMakeFiles/zephyr.dir/home/onxtorlo/secureboot/bootloader/mcuboot/boot/zephyr/flash_check.c.obj
[78/196] Building C object zephyr/arch/common/CMakeFiles/arch__common.dir/sw_isr_common.c.obj
[79/196] Building ASM object zephyr/arch/arch/arm/core/cortex_m/CMakeFiles/arch__arm__core__cortex_m.dir/fault_s.S.obj
[80/196] Building C object zephyr/arch/common/CMakeFiles/arch__common.dir/xip.c.obj
[81/196] Building C object zephyr/CMakeFiles/zephyr.dir/home/onxtorlo/secureboot/bootloader/mcuboot/boot/bootutil/src/loader.c.obj
[82/196] Building ASM object zephyr/arch/arch/arm/core/cortex_m/CMakeFiles/arch__arm__core__cortex_m.dir/reset.S.obj
[83/196] Building C object zephyr/arch/arch/arm/core/CMakeFiles/arch__arm__core.dir/nmi.c.obj
[84/196] Building C object zephyr/arch/common/CMakeFiles/isr_tables.dir/isr_tables.c.obj
[85/196] Building C object zephyr/CMakeFiles/zephyr.dir/home/onxtorlo/secureboot/bootloader/mcuboot/boot/bootutil/src/swap_scratch.c.obj
[86/196] Building ASM object zephyr/arch/arch/arm/core/cortex_m/CMakeFiles/arch__arm__core__cortex_m.dir/vector_table.S.obj
[87/196] Linking C static library zephyr/arch/common/libisr_tables.a
[88/196] Building C object zephyr/arch/arch/arm/core/CMakeFiles/arch__arm__core.dir/tls.c.obj
[89/196] Building C object zephyr/arch/arch/arm/core/CMakeFiles/arch__arm__core.dir/fatal.c.obj
[90/196] Building C object zephyr/arch/arch/arm/core/cortex_m/CMakeFiles/arch__arm__core__cortex_m.dir/fpu.c.obj
[91/196] Linking C static library zephyr/arch/common/libarch__common.a
[92/196] Linking C static library zephyr/arch/arch/arm/core/libarch__arm__core.a
[93/196] Building ASM object zephyr/arch/arch/arm/core/cortex_m/CMakeFiles/arch__arm__core__cortex_m.dir/svc.S.obj
[94/196] Linking C static library zephyr/libzephyr.a
[95/196] Building C object zephyr/arch/arch/arm/core/cortex_m/CMakeFiles/arch__arm__core__cortex_m.dir/scb.c.obj
[96/196] Building ASM object zephyr/arch/arch/arm/core/cortex_m/CMakeFiles/arch__arm__core__cortex_m.dir/swap_helper.S.obj
[97/196] Building ASM object zephyr/arch/arch/arm/core/cortex_m/CMakeFiles/arch__arm__core__cortex_m.dir/__aeabi_read_tp.S.obj
[98/196] Building C object zephyr/arch/arch/arm/core/cortex_m/CMakeFiles/arch__arm__core__cortex_m.dir/irq_manage.c.obj
[99/196] Building C object zephyr/arch/arch/arm/core/cortex_m/CMakeFiles/arch__arm__core__cortex_m.dir/prep_c.c.obj
[100/196] Building C object zephyr/arch/arch/arm/core/cortex_m/CMakeFiles/arch__arm__core__cortex_m.dir/thread.c.obj
[101/196] Building C object zephyr/arch/arch/arm/core/cortex_m/CMakeFiles/arch__arm__core__cortex_m.dir/irq_init.c.obj
[102/196] Building C object zephyr/arch/arch/arm/core/cortex_m/CMakeFiles/arch__arm__core__cortex_m.dir/exc_exit.c.obj
[103/196] Building C object zephyr/arch/arch/arm/core/cortex_m/CMakeFiles/arch__arm__core__cortex_m.dir/thread_abort.c.obj
[104/196] Building C object zephyr/arch/arch/arm/core/cortex_m/CMakeFiles/arch__arm__core__cortex_m.dir/cpu_idle.c.obj
[105/196] Building C object zephyr/arch/arch/arm/core/cortex_m/CMakeFiles/arch__arm__core__cortex_m.dir/isr_wrapper.c.obj
[106/196] Building C object zephyr/arch/arch/arm/core/cortex_m/CMakeFiles/arch__arm__core__cortex_m.dir/fault.c.obj
[107/196] Building C object zephyr/arch/arch/arm/core/mpu/CMakeFiles/arch__arm__core__mpu.dir/arm_mpu_regions.c.obj
[108/196] Building C object zephyr/arch/arch/arm/core/mpu/CMakeFiles/arch__arm__core__mpu.dir/arm_core_mpu.c.obj
[109/196] Linking C static library zephyr/arch/arch/arm/core/cortex_m/libarch__arm__core__cortex_m.a
[110/196] Building C object zephyr/lib/libc/picolibc/CMakeFiles/lib__libc__picolibc.dir/cbprintf.c.obj
[111/196] Building C object zephyr/lib/libc/picolibc/CMakeFiles/lib__libc__picolibc.dir/assert.c.obj
[112/196] Building C object zephyr/lib/libc/picolibc/CMakeFiles/lib__libc__picolibc.dir/chk_fail.c.obj
[113/196] Building C object zephyr/lib/libc/picolibc/CMakeFiles/lib__libc__picolibc.dir/exit.c.obj
[114/196] Building C object zephyr/lib/libc/common/CMakeFiles/lib__libc__common.dir/source/time/time.c.obj
[115/196] Building C object zephyr/lib/libc/picolibc/CMakeFiles/lib__libc__picolibc.dir/errno_wrap.c.obj
[116/196] Building C object zephyr/lib/libc/picolibc/CMakeFiles/lib__libc__picolibc.dir/locks.c.obj
[117/196] Building C object zephyr/arch/arch/arm/core/mpu/CMakeFiles/arch__arm__core__mpu.dir/arm_mpu.c.obj
[118/196] Building C object zephyr/lib/libc/picolibc/CMakeFiles/lib__libc__picolibc.dir/stdio.c.obj
[119/196] Linking C static library zephyr/arch/arch/arm/core/mpu/libarch__arm__core__mpu.a
[120/196] Building C object zephyr/lib/libc/common/CMakeFiles/lib__libc__common.dir/source/stdlib/abort.c.obj
[121/196] Building C object zephyr/lib/posix/c_lib_ext/CMakeFiles/lib__posix__c_lib_ext.dir/fnmatch.c.obj
[122/196] Linking C static library zephyr/lib/libc/picolibc/liblib__libc__picolibc.a
[123/196] Building C object zephyr/lib/posix/c_lib_ext/CMakeFiles/lib__posix__c_lib_ext.dir/getopt_shim.c.obj
[124/196] Building C object zephyr/drivers/flash/CMakeFiles/drivers__flash.dir/flash_page_layout.c.obj
[125/196] Building C object zephyr/lib/libc/common/CMakeFiles/lib__libc__common.dir/source/stdlib/malloc.c.obj
[126/196] Building C object zephyr/lib/posix/c_lib_ext/CMakeFiles/lib__posix__c_lib_ext.dir/getentropy.c.obj
[127/196] Linking C static library zephyr/lib/libc/common/liblib__libc__common.a
[128/196] Building C object zephyr/drivers/clock_control/CMakeFiles/drivers__clock_control.dir/clock_stm32f2_f4_f7.c.obj
[129/196] Building C object zephyr/drivers/interrupt_controller/CMakeFiles/drivers__interrupt_controller.dir/intc_gpio_stm32.c.obj
[130/196] Linking C static library zephyr/lib/posix/c_lib_ext/liblib__posix__c_lib_ext.a
[131/196] Building C object zephyr/drivers/console/CMakeFiles/drivers__console.dir/uart_console.c.obj
[132/196] Building C object zephyr/drivers/clock_control/CMakeFiles/drivers__clock_control.dir/clock_stm32_ll_common.c.obj
[133/196] Linking C static library zephyr/drivers/console/libdrivers__console.a
[134/196] Linking C static library zephyr/drivers/clock_control/libdrivers__clock_control.a
[135/196] Building C object zephyr/drivers/pinctrl/CMakeFiles/drivers__pinctrl.dir/common.c.obj
[136/196] Building C object zephyr/drivers/flash/CMakeFiles/drivers__flash.dir/flash_stm32f4x.c.obj
[137/196] Building C object zephyr/drivers/interrupt_controller/CMakeFiles/drivers__interrupt_controller.dir/intc_exti_stm32.c.obj
[138/196] Building C object zephyr/drivers/reset/CMakeFiles/drivers__reset.dir/reset_stm32.c.obj
[139/196] Building C object zephyr/drivers/pinctrl/CMakeFiles/drivers__pinctrl.dir/pinctrl_stm32.c.obj
[140/196] Linking C static library zephyr/drivers/interrupt_controller/libdrivers__interrupt_controller.a
[141/196] Linking C static library zephyr/drivers/reset/libdrivers__reset.a
[142/196] Building C object zephyr/drivers/flash/CMakeFiles/drivers__flash.dir/flash_stm32.c.obj
[143/196] Linking C static library zephyr/drivers/pinctrl/libdrivers__pinctrl.a
[144/196] Building C object zephyr/drivers/gpio/CMakeFiles/drivers__gpio.dir/gpio_stm32.c.obj
[145/196] Building C object zephyr/drivers/timer/CMakeFiles/drivers__timer.dir/sys_clock_init.c.obj
[146/196] Linking C static library zephyr/drivers/flash/libdrivers__flash.a
[147/196] Building C object modules/hal_stm32/stm32cube/CMakeFiles/..__modules__hal__stm32__stm32cube.dir/stm32f4xx/soc/system_stm32f4xx.c.obj
[148/196] Linking C static library zephyr/drivers/gpio/libdrivers__gpio.a
[149/196] Building C object zephyr/drivers/timer/CMakeFiles/drivers__timer.dir/cortex_m_systick.c.obj
[150/196] Building C object modules/hal_stm32/stm32cube/CMakeFiles/..__modules__hal__stm32__stm32cube.dir/stm32f4xx/drivers/src/stm32f4xx_hal.c.obj
[151/196] Linking C static library zephyr/drivers/timer/libdrivers__timer.a
[152/196] Building C object modules/hal_stm32/stm32cube/CMakeFiles/..__modules__hal__stm32__stm32cube.dir/stm32f4xx/drivers/src/stm32f4xx_hal_rcc_ex.c.obj
[153/196] Building C object zephyr/drivers/serial/CMakeFiles/drivers__serial.dir/uart_stm32.c.obj
[154/196] Building C object modules/hal_stm32/stm32cube/CMakeFiles/..__modules__hal__stm32__stm32cube.dir/stm32f4xx/drivers/src/stm32f4xx_ll_rcc.c.obj
[155/196] Building C object modules/hal_stm32/stm32cube/CMakeFiles/..__modules__hal__stm32__stm32cube.dir/stm32f4xx/drivers/src/stm32f4xx_hal_rcc.c.obj
[156/196] Linking C static library zephyr/drivers/serial/libdrivers__serial.a
[157/196] Building C object modules/hal_stm32/stm32cube/CMakeFiles/..__modules__hal__stm32__stm32cube.dir/stm32f4xx/drivers/src/stm32f4xx_ll_utils.c.obj
[158/196] Building C object zephyr/kernel/CMakeFiles/kernel.dir/banner.c.obj
[159/196] Linking C static library modules/hal_stm32/stm32cube/lib..__modules__hal__stm32__stm32cube.a
[160/196] Building C object zephyr/kernel/CMakeFiles/kernel.dir/main_weak.c.obj
[161/196] Building C object zephyr/kernel/CMakeFiles/kernel.dir/version.c.obj
[162/196] Building C object zephyr/kernel/CMakeFiles/kernel.dir/errno.c.obj
[163/196] Building C object zephyr/kernel/CMakeFiles/kernel.dir/busy_wait.c.obj
[164/196] Building C object zephyr/kernel/CMakeFiles/kernel.dir/device.c.obj
[165/196] Building C object modules/mcuboot/CMakeFiles/mcuboot_util.dir/home/onxtorlo/secureboot/bootloader/mcuboot/boot/bootutil/src/bootutil_public.c.obj
[166/196] Building C object zephyr/kernel/CMakeFiles/kernel.dir/fatal.c.obj
[167/196] Building C object zephyr/kernel/CMakeFiles/kernel.dir/init.c.obj
[168/196] Linking C static library modules/mcuboot/libmcuboot_util.a
[169/196] Building C object zephyr/kernel/CMakeFiles/kernel.dir/float.c.obj
[170/196] Building C object zephyr/kernel/CMakeFiles/kernel.dir/mem_slab.c.obj
[171/196] Building C object zephyr/kernel/CMakeFiles/kernel.dir/kheap.c.obj
[172/196] Building C object zephyr/kernel/CMakeFiles/kernel.dir/idle.c.obj
[173/196] Building C object zephyr/kernel/CMakeFiles/kernel.dir/system_work_q.c.obj
[174/196] Building C object zephyr/kernel/CMakeFiles/kernel.dir/mailbox.c.obj
[175/196] Building C object zephyr/kernel/CMakeFiles/kernel.dir/queue.c.obj
[176/196] Building C object zephyr/kernel/CMakeFiles/kernel.dir/stack.c.obj
[177/196] Building C object zephyr/kernel/CMakeFiles/kernel.dir/msg_q.c.obj
[178/196] Building C object zephyr/kernel/CMakeFiles/kernel.dir/sem.c.obj
[179/196] Building C object zephyr/kernel/CMakeFiles/kernel.dir/condvar.c.obj
[180/196] Building C object zephyr/kernel/CMakeFiles/kernel.dir/mutex.c.obj
[181/196] Building C object zephyr/kernel/CMakeFiles/kernel.dir/thread.c.obj
[182/196] Building C object zephyr/kernel/CMakeFiles/kernel.dir/timeslicing.c.obj
[183/196] Building C object zephyr/kernel/CMakeFiles/kernel.dir/work.c.obj
[184/196] Building C object zephyr/kernel/CMakeFiles/kernel.dir/pipe.c.obj
[185/196] Building C object zephyr/kernel/CMakeFiles/kernel.dir/timer.c.obj
[186/196] Building C object zephyr/kernel/CMakeFiles/kernel.dir/mempool.c.obj
[187/196] Building C object zephyr/kernel/CMakeFiles/kernel.dir/dynamic_disabled.c.obj
[188/196] Building C object zephyr/kernel/CMakeFiles/kernel.dir/timeout.c.obj
[189/196] Building C object zephyr/kernel/CMakeFiles/kernel.dir/sched.c.obj
[190/196] Linking C static library zephyr/kernel/libkernel.a
[191/196] Linking C executable zephyr/zephyr_pre0.elf
[192/196] Generating linker.cmd
[193/196] Generating isr_tables.c, isr_tables_vt.ld, isr_tables_swi.ld
[194/196] Building C object zephyr/CMakeFiles/zephyr_final.dir/misc/empty_file.c.obj
[195/196] Building C object zephyr/CMakeFiles/zephyr_final.dir/isr_tables.c.obj
[196/196] Linking C executable zephyr/zephyr.elf
Memory region         Used Size  Region Size  %age Used
           FLASH:       26456 B       128 KB     20.18%
             RAM:       18240 B       192 KB      9.28%
           SRAM0:           0 B       192 KB      0.00%
            DTCM:           0 B        64 KB      0.00%
          SDRAM2:           0 B         8 MB      0.00%
        IDT_LIST:           0 B        32 KB      0.00%
Generating files from /home/onxtorlo/secureboot/build/boot_none/zephyr/zephyr.elf for board: stm32f429i_disc1/stm32f429xx
