-- west build: generating a build system
Loading Zephyr default modules (Zephyr base).
-- Application: /home/onxtorlo/secureboot/mcuboot-mldsa-exp/apps/mldsa_bench
-- CMake version: 3.28.3
-- Found Python3: /home/onxtorlo/secureboot/.venv/bin/python3 (found suitable version "3.12.3", minimum required is "3.12") found components: Interpreter 
-- Cache files will be written to: /home/onxtorlo/.cache/zephyr
-- Zephyr version: 4.4.2 (/home/onxtorlo/secureboot/zephyr)
-- Found west (found suitable version "1.5.0", minimum required is "0.14.0")
-- Board: stm32f429i_disc1, qualifiers: stm32f429xx
-- ZEPHYR_TOOLCHAIN_VARIANT not set, trying to locate Zephyr SDK
-- Found host-tools: zephyr 1.0.1 (/home/onxtorlo/zephyr-sdk-1.0.1)
-- Found toolchain: zephyr 1.0.1 (/home/onxtorlo/zephyr-sdk-1.0.1)
-- Found Dtc: /home/onxtorlo/zephyr-sdk-1.0.1/hosttools/sysroots/x86_64-pokysdk-linux/usr/bin/dtc (found suitable version "1.7.0", minimum required is "1.4.6") 
-- Found BOARD.dts: /home/onxtorlo/secureboot/zephyr/boards/st/stm32f429i_disc1/stm32f429i_disc1.dts
-- Generated zephyr.dts: /home/onxtorlo/secureboot/build/mldsa_bench_65/build/zephyr/zephyr.dts
-- Generated pickled edt: /home/onxtorlo/secureboot/build/mldsa_bench_65/build/zephyr/edt.pickle
-- Generated devicetree_generated.h: /home/onxtorlo/secureboot/build/mldsa_bench_65/build/zephyr/include/generated/zephyr/devicetree_generated.h
Parsing /home/onxtorlo/secureboot/zephyr/Kconfig
Loaded configuration '/home/onxtorlo/secureboot/zephyr/boards/st/stm32f429i_disc1/stm32f429i_disc1_defconfig'
Merged configuration '/home/onxtorlo/secureboot/mcuboot-mldsa-exp/apps/mldsa_bench/prj.conf'
Merged configuration '/home/onxtorlo/secureboot/build/mldsa_bench_65/build/zephyr/misc/generated/extra_kconfig_options.conf'
Configuration saved to '/home/onxtorlo/secureboot/build/mldsa_bench_65/build/zephyr/.config'
Kconfig header saved to '/home/onxtorlo/secureboot/build/mldsa_bench_65/build/zephyr/include/generated/zephyr/autoconf.h'
-- Found GnuLd: /home/onxtorlo/zephyr-sdk-1.0.1/gnu/arm-zephyr-eabi/arm-zephyr-eabi/bin/ld.bfd (found version "2.43.1") 
-- The C compiler identification is GNU 14.3.0
-- The CXX compiler identification is GNU 14.3.0
-- The ASM compiler identification is GNU
-- Found assembler: /home/onxtorlo/zephyr-sdk-1.0.1/gnu/arm-zephyr-eabi/bin/arm-zephyr-eabi-gcc
-- Using ccache: /usr/bin/ccache
-- Found gen_kobject_list: /home/onxtorlo/secureboot/zephyr/scripts/build/gen_kobject_list.py
-- Configuring done (13.4s)
-- Generating done (0.1s)
-- Build files have been written to: /home/onxtorlo/secureboot/build/mldsa_bench_65/build
-- west build: building application
[1/158] Preparing syscall dependency handling

[2/158] Generating include/generated/zephyr/version.h
-- Zephyr version: 4.4.2 (/home/onxtorlo/secureboot/zephyr), build: dccb09599635
[3/158] Generating misc/generated/syscalls_subdirs.trigger
[4/158] Generating misc/generated/syscalls.json, misc/generated/struct_tags.json
[5/158] Generating include/generated/device-api-sections.ld, include/generated/device-api-sections.cmake
[6/158] Generating include/generated/zephyr/syscall_dispatch.c, include/generated/zephyr/syscall_exports_llext.c, syscall_weakdefs_llext.c, include/generated/zephyr/syscall_list.h
[7/158] Generating include/generated/zephyr/kobj-types-enum.h, include/generated/zephyr/otype-to-str.h, include/generated/zephyr/otype-to-size.h
[8/158] Generating include/generated/zephyr/driver-validation.h
[9/158] Building C object zephyr/lib/heap/CMakeFiles/heap_constants.dir/heap_constants.c.obj
[10/158] Generating ../../include/generated/zephyr/heap_constants.h
[11/158] Building C object zephyr/CMakeFiles/offsets.dir/arch/arm/core/offsets/offsets.c.obj
[12/158] Generating include/generated/zephyr/offsets.h
[13/158] Building C object CMakeFiles/app.dir/src/main.c.obj
[14/158] Building C object zephyr/CMakeFiles/zephyr.dir/lib/os/sem.c.obj
[15/158] Building C object zephyr/CMakeFiles/zephyr.dir/lib/libc/validate_libc.c.obj
[16/158] Building C object zephyr/CMakeFiles/zephyr.dir/lib/os/printk.c.obj
[17/158] Building C object zephyr/CMakeFiles/zephyr.dir/lib/os/thread_entry.c.obj
[18/158] Building C object zephyr/CMakeFiles/zephyr.dir/lib/os/clock.c.obj
[19/158] Building C object zephyr/CMakeFiles/zephyr.dir/lib/utils/hex.c.obj
[20/158] Building C object zephyr/CMakeFiles/zephyr.dir/lib/utils/dec.c.obj
[21/158] Building C object zephyr/CMakeFiles/zephyr.dir/lib/utils/set.c.obj
[22/158] Building C object zephyr/CMakeFiles/zephyr.dir/lib/os/cbprintf_packaged.c.obj
[23/158] Building C object zephyr/CMakeFiles/zephyr.dir/lib/utils/bitmask.c.obj
[24/158] Building C object zephyr/CMakeFiles/zephyr.dir/lib/os/assert.c.obj
[25/158] Building C object zephyr/CMakeFiles/zephyr.dir/lib/utils/last_section_id.c.obj
[26/158] Building C object zephyr/CMakeFiles/zephyr.dir/lib/os/cbprintf_complete.c.obj
[27/158] Building C object zephyr/CMakeFiles/zephyr.dir/lib/utils/timeutil.c.obj
[28/158] Building C object zephyr/CMakeFiles/zephyr.dir/lib/heap/heap.c.obj
[29/158] Building C object zephyr/CMakeFiles/zephyr.dir/misc/generated/configs.c.obj
[30/158] Building C object zephyr/CMakeFiles/zephyr.dir/lib/utils/ring_buffer.c.obj
[31/158] Building C object zephyr/CMakeFiles/zephyr.dir/lib/utils/getopt/getopt.c.obj
[32/158] Building C object zephyr/CMakeFiles/zephyr.dir/lib/utils/getopt/getopt_common.c.obj
[33/158] Building C object zephyr/CMakeFiles/zephyr.dir/lib/utils/rb.c.obj
[34/158] Building C object zephyr/CMakeFiles/zephyr.dir/soc/st/stm32/common/soc_config.c.obj
[35/158] Building C object zephyr/CMakeFiles/zephyr.dir/soc/st/stm32/common/stm32cube_hal.c.obj
[36/158] Building C object zephyr/CMakeFiles/zephyr.dir/lib/utils/bitarray.c.obj
[37/158] Building C object zephyr/CMakeFiles/zephyr.dir/soc/st/stm32/stm32f4x/soc.c.obj
[38/158] Building C object zephyr/CMakeFiles/zephyr.dir/soc/st/stm32/common/gpioport_mgr.c.obj
[39/158] Building C object zephyr/CMakeFiles/zephyr.dir/soc/st/stm32/common/stm32_backup_domain.c.obj
[40/158] Generating linker_zephyr_pre0.cmd
[41/158] Building C object zephyr/arch/common/CMakeFiles/arch__common.dir/init.c.obj
[42/158] Building C object zephyr/CMakeFiles/zephyr_pre0.dir/misc/empty_file.c.obj
[43/158] Building ASM object zephyr/arch/arch/arm/core/CMakeFiles/arch__arm__core.dir/nmi_on_reset.S.obj
[44/158] Building C object zephyr/CMakeFiles/zephyr.dir/subsys/mem_mgmt/mem_attr.c.obj
[45/158] Building C object CMakeFiles/app.dir/home/onxtorlo/secureboot/modules/crypto/mldsa-native/mldsa/mldsa_native.c.obj
[46/158] Building C object zephyr/CMakeFiles/zephyr.dir/subsys/tracing/tracing_none.c.obj
[47/158] Building ASM object zephyr/arch/arch/arm/core/cortex_m/CMakeFiles/arch__arm__core__cortex_m.dir/fault_s.S.obj
[48/158] Linking C static library app/libapp.a
[49/158] Linking C static library zephyr/libzephyr.a
[50/158] Building C object zephyr/arch/common/CMakeFiles/arch__common.dir/sw_isr_common.c.obj
[51/158] Building C object zephyr/arch/common/CMakeFiles/isr_tables.dir/isr_tables.c.obj
[52/158] Building C object zephyr/arch/arch/arm/core/CMakeFiles/arch__arm__core.dir/fatal.c.obj
[53/158] Building C object zephyr/arch/common/CMakeFiles/arch__common.dir/xip.c.obj
[54/158] Linking C static library zephyr/arch/common/libisr_tables.a
[55/158] Building ASM object zephyr/arch/arch/arm/core/cortex_m/CMakeFiles/arch__arm__core__cortex_m.dir/vector_table.S.obj
[56/158] Linking C static library zephyr/arch/common/libarch__common.a
[57/158] Building C object zephyr/arch/arch/arm/core/CMakeFiles/arch__arm__core.dir/nmi.c.obj
[58/158] Building ASM object zephyr/arch/arch/arm/core/cortex_m/CMakeFiles/arch__arm__core__cortex_m.dir/reset.S.obj
[59/158] Building C object zephyr/arch/arch/arm/core/CMakeFiles/arch__arm__core.dir/tls.c.obj
[60/158] Building ASM object zephyr/arch/arch/arm/core/cortex_m/CMakeFiles/arch__arm__core__cortex_m.dir/svc.S.obj
[61/158] Linking C static library zephyr/arch/arch/arm/core/libarch__arm__core.a
[62/158] Building C object zephyr/arch/arch/arm/core/cortex_m/CMakeFiles/arch__arm__core__cortex_m.dir/fpu.c.obj
[63/158] Building C object zephyr/arch/arch/arm/core/cortex_m/CMakeFiles/arch__arm__core__cortex_m.dir/fault.c.obj
[64/158] Building C object zephyr/arch/arch/arm/core/cortex_m/CMakeFiles/arch__arm__core__cortex_m.dir/scb.c.obj
[65/158] Building ASM object zephyr/arch/arch/arm/core/cortex_m/CMakeFiles/arch__arm__core__cortex_m.dir/__aeabi_read_tp.S.obj
[66/158] Building ASM object zephyr/arch/arch/arm/core/cortex_m/CMakeFiles/arch__arm__core__cortex_m.dir/swap_helper.S.obj
[67/158] Building C object zephyr/arch/arch/arm/core/cortex_m/CMakeFiles/arch__arm__core__cortex_m.dir/irq_manage.c.obj
[68/158] Building C object zephyr/arch/arch/arm/core/cortex_m/CMakeFiles/arch__arm__core__cortex_m.dir/prep_c.c.obj
[69/158] Building C object zephyr/arch/arch/arm/core/cortex_m/CMakeFiles/arch__arm__core__cortex_m.dir/exc_exit.c.obj
[70/158] Building C object zephyr/arch/arch/arm/core/cortex_m/CMakeFiles/arch__arm__core__cortex_m.dir/thread.c.obj
[71/158] Building C object zephyr/arch/arch/arm/core/cortex_m/CMakeFiles/arch__arm__core__cortex_m.dir/cpu_idle.c.obj
[72/158] Building C object zephyr/arch/arch/arm/core/cortex_m/CMakeFiles/arch__arm__core__cortex_m.dir/irq_init.c.obj
[73/158] Building C object zephyr/arch/arch/arm/core/cortex_m/CMakeFiles/arch__arm__core__cortex_m.dir/thread_abort.c.obj
[74/158] Building C object zephyr/arch/arch/arm/core/cortex_m/CMakeFiles/arch__arm__core__cortex_m.dir/isr_wrapper.c.obj
[75/158] Building C object zephyr/arch/arch/arm/core/mpu/CMakeFiles/arch__arm__core__mpu.dir/arm_mpu_regions.c.obj
[76/158] Linking C static library zephyr/arch/arch/arm/core/cortex_m/libarch__arm__core__cortex_m.a
[77/158] Building C object zephyr/arch/arch/arm/core/mpu/CMakeFiles/arch__arm__core__mpu.dir/arm_core_mpu.c.obj
[78/158] Building C object zephyr/lib/libc/picolibc/CMakeFiles/lib__libc__picolibc.dir/chk_fail.c.obj
[79/158] Building C object zephyr/lib/libc/picolibc/CMakeFiles/lib__libc__picolibc.dir/assert.c.obj
[80/158] Building C object zephyr/arch/arch/arm/core/mpu/CMakeFiles/arch__arm__core__mpu.dir/arm_mpu.c.obj
[81/158] Building C object zephyr/lib/libc/common/CMakeFiles/lib__libc__common.dir/source/time/time.c.obj
[82/158] Linking C static library zephyr/arch/arch/arm/core/mpu/libarch__arm__core__mpu.a
[83/158] Building C object zephyr/lib/libc/picolibc/CMakeFiles/lib__libc__picolibc.dir/errno_wrap.c.obj
[84/158] Building C object zephyr/lib/libc/picolibc/CMakeFiles/lib__libc__picolibc.dir/cbprintf.c.obj
[85/158] Building C object zephyr/lib/libc/picolibc/CMakeFiles/lib__libc__picolibc.dir/locks.c.obj
[86/158] Building C object zephyr/lib/libc/picolibc/CMakeFiles/lib__libc__picolibc.dir/exit.c.obj
[87/158] Building C object zephyr/lib/libc/picolibc/CMakeFiles/lib__libc__picolibc.dir/stdio.c.obj
[88/158] Building C object zephyr/lib/libc/common/CMakeFiles/lib__libc__common.dir/source/stdlib/abort.c.obj
[89/158] Building C object zephyr/lib/posix/c_lib_ext/CMakeFiles/lib__posix__c_lib_ext.dir/fnmatch.c.obj
[90/158] Linking C static library zephyr/lib/libc/picolibc/liblib__libc__picolibc.a
[91/158] Building C object zephyr/drivers/pinctrl/CMakeFiles/drivers__pinctrl.dir/common.c.obj
[92/158] Building C object zephyr/lib/posix/c_lib_ext/CMakeFiles/lib__posix__c_lib_ext.dir/getopt_shim.c.obj
[93/158] Building C object zephyr/lib/libc/common/CMakeFiles/lib__libc__common.dir/source/stdlib/malloc.c.obj
[94/158] Building C object zephyr/lib/posix/c_lib_ext/CMakeFiles/lib__posix__c_lib_ext.dir/getentropy.c.obj
[95/158] Linking C static library zephyr/lib/libc/common/liblib__libc__common.a
[96/158] Building C object zephyr/drivers/interrupt_controller/CMakeFiles/drivers__interrupt_controller.dir/intc_gpio_stm32.c.obj
[97/158] Linking C static library zephyr/lib/posix/c_lib_ext/liblib__posix__c_lib_ext.a
[98/158] Building C object zephyr/drivers/clock_control/CMakeFiles/drivers__clock_control.dir/clock_stm32f2_f4_f7.c.obj
[99/158] Building C object zephyr/drivers/interrupt_controller/CMakeFiles/drivers__interrupt_controller.dir/intc_exti_stm32.c.obj
[100/158] Linking C static library zephyr/drivers/interrupt_controller/libdrivers__interrupt_controller.a
[101/158] Building C object zephyr/drivers/console/CMakeFiles/drivers__console.dir/uart_console.c.obj
[102/158] Building C object modules/hal_stm32/stm32cube/CMakeFiles/..__modules__hal__stm32__stm32cube.dir/stm32f4xx/soc/system_stm32f4xx.c.obj
[103/158] Building C object zephyr/drivers/gpio/CMakeFiles/drivers__gpio.dir/gpio_stm32.c.obj
[104/158] Building C object zephyr/drivers/clock_control/CMakeFiles/drivers__clock_control.dir/clock_stm32_ll_common.c.obj
[105/158] Linking C static library zephyr/drivers/console/libdrivers__console.a
[106/158] Linking C static library zephyr/drivers/gpio/libdrivers__gpio.a
[107/158] Building C object zephyr/drivers/reset/CMakeFiles/drivers__reset.dir/reset_stm32.c.obj
[108/158] Linking C static library zephyr/drivers/clock_control/libdrivers__clock_control.a
[109/158] Linking C static library zephyr/drivers/reset/libdrivers__reset.a
[110/158] Building C object zephyr/drivers/pinctrl/CMakeFiles/drivers__pinctrl.dir/pinctrl_stm32.c.obj
[111/158] Building C object zephyr/drivers/timer/CMakeFiles/drivers__timer.dir/sys_clock_init.c.obj
[112/158] Building C object modules/hal_stm32/stm32cube/CMakeFiles/..__modules__hal__stm32__stm32cube.dir/stm32f4xx/drivers/src/stm32f4xx_hal.c.obj
[113/158] Linking C static library zephyr/drivers/pinctrl/libdrivers__pinctrl.a
[114/158] Building C object zephyr/drivers/timer/CMakeFiles/drivers__timer.dir/cortex_m_systick.c.obj
[115/158] Linking C static library zephyr/drivers/timer/libdrivers__timer.a
[116/158] Building C object modules/hal_stm32/stm32cube/CMakeFiles/..__modules__hal__stm32__stm32cube.dir/stm32f4xx/drivers/src/stm32f4xx_ll_rcc.c.obj
[117/158] Building C object modules/hal_stm32/stm32cube/CMakeFiles/..__modules__hal__stm32__stm32cube.dir/stm32f4xx/drivers/src/stm32f4xx_hal_rcc.c.obj
[118/158] Building C object modules/hal_stm32/stm32cube/CMakeFiles/..__modules__hal__stm32__stm32cube.dir/stm32f4xx/drivers/src/stm32f4xx_ll_utils.c.obj
[119/158] Building C object modules/hal_stm32/stm32cube/CMakeFiles/..__modules__hal__stm32__stm32cube.dir/stm32f4xx/drivers/src/stm32f4xx_hal_rcc_ex.c.obj
[120/158] Building C object zephyr/drivers/serial/CMakeFiles/drivers__serial.dir/uart_stm32.c.obj
[121/158] Linking C static library modules/hal_stm32/stm32cube/lib..__modules__hal__stm32__stm32cube.a
[122/158] Building C object zephyr/kernel/CMakeFiles/kernel.dir/banner.c.obj
[123/158] Linking C static library zephyr/drivers/serial/libdrivers__serial.a
[124/158] Building C object zephyr/kernel/CMakeFiles/kernel.dir/main_weak.c.obj
[125/158] Building C object zephyr/kernel/CMakeFiles/kernel.dir/busy_wait.c.obj
[126/158] Building C object zephyr/kernel/CMakeFiles/kernel.dir/version.c.obj
[127/158] Building C object zephyr/kernel/CMakeFiles/kernel.dir/device.c.obj
[128/158] Building C object zephyr/kernel/CMakeFiles/kernel.dir/errno.c.obj
[129/158] Building C object zephyr/kernel/CMakeFiles/kernel.dir/fatal.c.obj
[130/158] Building C object zephyr/kernel/CMakeFiles/kernel.dir/kheap.c.obj
[131/158] Building C object zephyr/kernel/CMakeFiles/kernel.dir/idle.c.obj
[132/158] Building C object zephyr/kernel/CMakeFiles/kernel.dir/init.c.obj
[133/158] Building C object zephyr/kernel/CMakeFiles/kernel.dir/float.c.obj
[134/158] Building C object zephyr/kernel/CMakeFiles/kernel.dir/mem_slab.c.obj
[135/158] Building C object zephyr/kernel/CMakeFiles/kernel.dir/mailbox.c.obj
[136/158] Building C object zephyr/kernel/CMakeFiles/kernel.dir/mutex.c.obj
[137/158] Building C object zephyr/kernel/CMakeFiles/kernel.dir/msg_q.c.obj
[138/158] Building C object zephyr/kernel/CMakeFiles/kernel.dir/system_work_q.c.obj
[139/158] Building C object zephyr/kernel/CMakeFiles/kernel.dir/queue.c.obj
[140/158] Building C object zephyr/kernel/CMakeFiles/kernel.dir/sem.c.obj
[141/158] Building C object zephyr/kernel/CMakeFiles/kernel.dir/condvar.c.obj
[142/158] Building C object zephyr/kernel/CMakeFiles/kernel.dir/stack.c.obj
[143/158] Building C object zephyr/kernel/CMakeFiles/kernel.dir/thread.c.obj
[144/158] Building C object zephyr/kernel/CMakeFiles/kernel.dir/timeslicing.c.obj
[145/158] Building C object zephyr/kernel/CMakeFiles/kernel.dir/work.c.obj
[146/158] Building C object zephyr/kernel/CMakeFiles/kernel.dir/pipe.c.obj
[147/158] Building C object zephyr/kernel/CMakeFiles/kernel.dir/dynamic_disabled.c.obj
[148/158] Building C object zephyr/kernel/CMakeFiles/kernel.dir/timer.c.obj
[149/158] Building C object zephyr/kernel/CMakeFiles/kernel.dir/mempool.c.obj
[150/158] Building C object zephyr/kernel/CMakeFiles/kernel.dir/timeout.c.obj
[151/158] Building C object zephyr/kernel/CMakeFiles/kernel.dir/sched.c.obj
[152/158] Linking C static library zephyr/kernel/libkernel.a
[153/158] Linking C executable zephyr/zephyr_pre0.elf
[154/158] Generating linker.cmd
[155/158] Generating isr_tables.c, isr_tables_vt.ld, isr_tables_swi.ld
[156/158] Building C object zephyr/CMakeFiles/zephyr_final.dir/misc/empty_file.c.obj
[157/158] Building C object zephyr/CMakeFiles/zephyr_final.dir/isr_tables.c.obj
[158/158] Linking C executable zephyr/zephyr.elf
Memory region         Used Size  Region Size  %age Used
           FLASH:       35692 B         2 MB      1.70%
             RAM:      137920 B       192 KB     70.15%
           SRAM0:           0 B       192 KB      0.00%
            DTCM:           0 B        64 KB      0.00%
          SDRAM2:           0 B         8 MB      0.00%
        IDT_LIST:           0 B        32 KB      0.00%
Generating files from /home/onxtorlo/secureboot/build/mldsa_bench_65/build/zephyr/zephyr.elf for board: stm32f429i_disc1/stm32f429xx
